<?xml version="1.0" encoding="utf-8"?>
<TestRun id="21f388b6-e555-4cf5-8ae4-ea9a6d6c4a91" name="AlexSi@DESKTOP-CJ28TOK 2025-08-20 01:58:30" runUser="DESKTOP-CJ28TOK\AlexSi" xmlns="http://microsoft.com/schemas/VisualStudio/TeamTest/2010">
  <Times creation="2025-08-20T01:58:30.4538181+03:00" queuing="2025-08-20T01:58:30.4538182+03:00" start="2025-08-20T01:58:28.3596859+03:00" finish="2025-08-20T01:58:30.4608152+03:00" />
  <TestSettings name="default" id="58bdbd71-e690-4a4b-b137-bf628db60f93">
    <Deployment runDeploymentRoot="AlexSi_DESKTOP-CJ28TOK_2025-08-20_01_58_30" />
  </TestSettings>
  <Results>
    <UnitTestResult executionId="bca85d51-caaf-46bb-a0fc-f534e5c3e64a" testId="8ec3a393-0716-118d-ecae-837357b27d9e" testName="GetPersonAsync_PersonServiceThrowEception_ReturnFailResult" computerName="DESKTOP-CJ28TOK" duration="00:00:00.1007464" startTime="2025-08-20T01:58:30.1310487+03:00" endTime="2025-08-20T01:58:30.2340007+03:00" testType="13cdc9d9-ddb5-4fa4-a97d-d965ccfc6d4b" outcome="Passed" testListId="8c84fa94-04c1-424b-9868-57a2d4851a1d" relativeResultsDirectory="bca85d51-caaf-46bb-a0fc-f534e5c3e64a" />
    <UnitTestResult executionId="c9d7b60d-d658-4b92-8f89-5c3623e36501" testId="f4093cb2-5e2c-5ea4-9793-fd38089f3559" testName="GetPersonAsync_CorrectRequest_ReturnSuccessResult" computerName="DESKTOP-CJ28TOK" duration="00:00:01.0338618" startTime="2025-08-20T01:58:29.0589344+03:00" endTime="2025-08-20T01:58:30.1240081+03:00" testType="13cdc9d9-ddb5-4fa4-a97d-d965ccfc6d4b" outcome="Passed" testListId="8c84fa94-04c1-424b-9868-57a2d4851a1d" relativeResultsDirectory="c9d7b60d-d658-4b92-8f89-5c3623e36501" />
  </Results>
  <TestDefinitions>
    <UnitTest name="GetPersonAsync_CorrectRequest_ReturnSuccessResult" storage="e:\repositories\pet\scanperson\scanperson.webapi.integration.tests\bin\debug\net9.0\scanperson.integration.tests.dll" id="f4093cb2-5e2c-5ea4-9793-fd38089f3559">
      <Execution id="c9d7b60d-d658-4b92-8f89-5c3623e36501" />
      <TestMethod codeBase="E:\Repositories\Pet\ScanPerson\ScanPerson.WebApi.Integration.Tests\bin\Debug\net9.0\ScanPerson.Integration.Tests.dll" adapterTypeName="executor://mstestadapter/v2" className="ScanPerson.WebApi.Integration.Tests.ScanPersonWebApiTests" name="GetPersonAsync_CorrectRequest_ReturnSuccessResult" />
    </UnitTest>
    <UnitTest name="GetPersonAsync_PersonServiceThrowEception_ReturnFailResult" storage="e:\repositories\pet\scanperson\scanperson.webapi.integration.tests\bin\debug\net9.0\scanperson.integration.tests.dll" id="8ec3a393-0716-118d-ecae-837357b27d9e">
      <Execution id="bca85d51-caaf-46bb-a0fc-f534e5c3e64a" />
      <TestMethod codeBase="E:\Repositories\Pet\ScanPerson\ScanPerson.WebApi.Integration.Tests\bin\Debug\net9.0\ScanPerson.Integration.Tests.dll" adapterTypeName="executor://mstestadapter/v2" className="ScanPerson.WebApi.Integration.Tests.ScanPersonWebApiTests" name="GetPersonAsync_PersonServiceThrowEception_ReturnFailResult" />
    </UnitTest>
  </TestDefinitions>
  <TestEntries>
    <TestEntry testId="8ec3a393-0716-118d-ecae-837357b27d9e" executionId="bca85d51-caaf-46bb-a0fc-f534e5c3e64a" testListId="8c84fa94-04c1-424b-9868-57a2d4851a1d" />
    <TestEntry testId="f4093cb2-5e2c-5ea4-9793-fd38089f3559" executionId="c9d7b60d-d658-4b92-8f89-5c3623e36501" testListId="8c84fa94-04c1-424b-9868-57a2d4851a1d" />
  </TestEntries>
  <TestLists>
    <TestList name="Results Not in a List" id="8c84fa94-04c1-424b-9868-57a2d4851a1d" />
    <TestList name="All Loaded Results" id="19431567-8539-422a-85d7-44ee4e166bda" />
  </TestLists>
  <ResultSummary outcome="Completed">
    <Counters total="2" executed="2" passed="2" failed="0" error="0" timeout="0" aborted="0" inconclusive="0" passedButRunAborted="0" notRunnable="0" notExecuted="0" disconnected="0" warning="0" completed="0" inProgress="0" pending="0" />
  </ResultSummary>
</TestRun>